// Jest Snapshot v1, https://goo.gl/fbAQLP

exports[`Utilities/Toast DefaultToast smoke-test 1`] = `
<div class="main-section antialiased relative font-nunito text-sm font-normal vertical full ltr">
  <button type="button"
          class="btn text-xs sm:text-sm transition-all btn-primary shadow-none normal-case border-solid active:brightness-95"
  >
    <span class="transition-all overflow-hidden align-middle shrink-0 flex items-center justify-center w-0">
    </span>
    <span class>
      Send a Toast
    </span>
  </button>
</div>
`;
